Archive member included because of file (symbol)

d:/dave-ide-4.4.2-64bit/eclipse/arm-gcc-49/bin/../lib/gcc/arm-none-eabi/4.9.3/armv7e-m/softfp\libgcc.a(_aeabi_uldivmod.o)
                              ./Dave/Generated/TIMER/timer.o (__aeabi_uldivmod)
d:/dave-ide-4.4.2-64bit/eclipse/arm-gcc-49/bin/../lib/gcc/arm-none-eabi/4.9.3/armv7e-m/softfp\libgcc.a(bpabi.o)
                              d:/dave-ide-4.4.2-64bit/eclipse/arm-gcc-49/bin/../lib/gcc/arm-none-eabi/4.9.3/armv7e-m/softfp\libgcc.a(_aeabi_uldivmod.o) (__gnu_uldivmod_helper)
d:/dave-ide-4.4.2-64bit/eclipse/arm-gcc-49/bin/../lib/gcc/arm-none-eabi/4.9.3/armv7e-m/softfp\libgcc.a(_dvmd_tls.o)
                              d:/dave-ide-4.4.2-64bit/eclipse/arm-gcc-49/bin/../lib/gcc/arm-none-eabi/4.9.3/armv7e-m/softfp\libgcc.a(_aeabi_uldivmod.o) (__aeabi_ldiv0)
d:/dave-ide-4.4.2-64bit/eclipse/arm-gcc-49/bin/../lib/gcc/arm-none-eabi/4.9.3/armv7e-m/softfp\libgcc.a(_divdi3.o)
                              d:/dave-ide-4.4.2-64bit/eclipse/arm-gcc-49/bin/../lib/gcc/arm-none-eabi/4.9.3/armv7e-m/softfp\libgcc.a(bpabi.o) (__divdi3)
d:/dave-ide-4.4.2-64bit/eclipse/arm-gcc-49/bin/../lib/gcc/arm-none-eabi/4.9.3/armv7e-m/softfp\libgcc.a(_udivdi3.o)
                              d:/dave-ide-4.4.2-64bit/eclipse/arm-gcc-49/bin/../lib/gcc/arm-none-eabi/4.9.3/armv7e-m/softfp\libgcc.a(bpabi.o) (__udivdi3)
d:/dave-ide-4.4.2-64bit/eclipse/arm-gcc-49/bin/../lib/gcc/arm-none-eabi/4.9.3/../../../../arm-none-eabi/lib/armv7e-m/softfp\libg_nano.a(lib_a-errno.o)
                              ./Libraries/Newlib/syscalls.o (__errno)
d:/dave-ide-4.4.2-64bit/eclipse/arm-gcc-49/bin/../lib/gcc/arm-none-eabi/4.9.3/../../../../arm-none-eabi/lib/armv7e-m/softfp\libg_nano.a(lib_a-impure.o)
                              d:/dave-ide-4.4.2-64bit/eclipse/arm-gcc-49/bin/../lib/gcc/arm-none-eabi/4.9.3/../../../../arm-none-eabi/lib/armv7e-m/softfp\libg_nano.a(lib_a-errno.o) (_impure_ptr)
d:/dave-ide-4.4.2-64bit/eclipse/arm-gcc-49/bin/../lib/gcc/arm-none-eabi/4.9.3/../../../../arm-none-eabi/lib/armv7e-m/softfp\libg_nano.a(lib_a-init.o)
                              ./Startup/startup_XMC4700.o (__libc_init_array)
d:/dave-ide-4.4.2-64bit/eclipse/arm-gcc-49/bin/../lib/gcc/arm-none-eabi/4.9.3/../../../../arm-none-eabi/lib/armv7e-m/softfp\libg_nano.a(lib_a-memcpy.o)
                              ./Libraries/XMCLib/src/xmc_eth_mac.o (memcpy)
d:/dave-ide-4.4.2-64bit/eclipse/arm-gcc-49/bin/../lib/gcc/arm-none-eabi/4.9.3/../../../../arm-none-eabi/lib/armv7e-m/softfp\libg_nano.a(lib_a-memset.o)
                              ./Libraries/XMCLib/src/xmc_usbd.o (memset)

Allocating common symbols
Common symbol       size              file

dma0_event_handlers
                    0x20              ./Libraries/XMCLib/src/xmc_dma.o
pipe                0x1c0             ./Libraries/XMCLib/src/xmc_usbh.o
dma1_event_handlers
                    0x10              ./Libraries/XMCLib/src/xmc_dma.o
event_handler_list  0x80              ./Libraries/XMCLib/src/xmc4_scu.o
is_nack             0xe               ./Libraries/XMCLib/src/xmc_usbh.o
usbd_init           0x4               ./Libraries/XMCLib/src/xmc_usbd.o
xmc_device          0x208             ./Libraries/XMCLib/src/xmc_usbd.o

Discarded input sections

 .text          0x00000000        0x0 ./Startup/startup_XMC4700.o
 .data          0x00000000        0x0 ./Startup/startup_XMC4700.o
 .bss           0x00000000        0x0 ./Startup/startup_XMC4700.o
 .text          0x00000000        0x0 ./Startup/system_XMC4700.o
 .data          0x00000000        0x0 ./Startup/system_XMC4700.o
 .bss           0x00000000        0x0 ./Startup/system_XMC4700.o
 .text.delay    0x00000000       0x28 ./Startup/system_XMC4700.o
 .text.SystemCoreSetup
                0x00000000       0x70 ./Startup/system_XMC4700.o
 .text.SystemCoreClockSetup
                0x00000000      0x200 ./Startup/system_XMC4700.o
 .text.OSCHP_GetFrequency
                0x00000000       0x14 ./Startup/system_XMC4700.o
 .comment       0x00000000       0x71 ./Startup/system_XMC4700.o
 .text          0x00000000        0x0 ./Libraries/XMCLib/src/xmc4_eru.o
 .data          0x00000000        0x0 ./Libraries/XMCLib/src/xmc4_eru.o
 .bss           0x00000000        0x0 ./Libraries/XMCLib/src/xmc4_eru.o
 .text.XMC_ERU_Disable
                0x00000000       0x2c ./Libraries/XMCLib/src/xmc4_eru.o
 .comment       0x00000000       0x71 ./Libraries/XMCLib/src/xmc4_eru.o
 .text          0x00000000        0x0 ./Libraries/XMCLib/src/xmc4_flash.o
 .data          0x00000000        0x0 ./Libraries/XMCLib/src/xmc4_flash.o
 .bss           0x00000000        0x0 ./Libraries/XMCLib/src/xmc4_flash.o
 .text.XMC_FLASH_lEnterPageModeCommand
                0x00000000       0x20 ./Libraries/XMCLib/src/xmc4_flash.o
 .text.XMC_FLASH_lLoadPageCommand
                0x00000000       0x30 ./Libraries/XMCLib/src/xmc4_flash.o
 .text.XMC_FLASH_lWritePageCommand
                0x00000000       0x44 ./Libraries/XMCLib/src/xmc4_flash.o
[...]
Memory Configuration

Name             Origin             Length             Attributes
FLASH_1_cached   0x08000000         0x00200000         xr
FLASH_1_uncached 0x0c000000         0x00200000         xr
PSRAM_1          0x1ffe8000         0x00018000         !xr
DSRAM_1_system   0x20000000         0x00020000         !xr
DSRAM_2_comm     0x20020000         0x00020000         !xr
SRAM_combined    0x1ffe8000         0x00058000         !xr
*default*        0x00000000         0xffffffff

Linker script and memory map

LOAD ./Startup/startup_XMC4700.o
LOAD ./Startup/system_XMC4700.o
LOAD ./Libraries/XMCLib/src/xmc4_eru.o
LOAD ./Libraries/XMCLib/src/xmc4_flash.o
LOAD ./Libraries/XMCLib/src/xmc4_gpio.o
LOAD ./Libraries/XMCLib/src/xmc4_rtc.o
LOAD ./Libraries/XMCLib/src/xmc4_scu.o
LOAD ./Libraries/XMCLib/src/xmc_can.o
LOAD ./Libraries/XMCLib/src/xmc_ccu4.o
LOAD ./Libraries/XMCLib/src/xmc_ccu8.o
LOAD ./Libraries/XMCLib/src/xmc_common.o
LOAD ./Libraries/XMCLib/src/xmc_dac.o
LOAD ./Libraries/XMCLib/src/xmc_dma.o
LOAD ./Libraries/XMCLib/src/xmc_dsd.o
LOAD ./Libraries/XMCLib/src/xmc_ebu.o
LOAD ./Libraries/XMCLib/src/xmc_ecat.o
LOAD ./Libraries/XMCLib/src/xmc_eru.o
LOAD ./Libraries/XMCLib/src/xmc_eth_mac.o
LOAD ./Libraries/XMCLib/src/xmc_eth_phy_dp83848.o
LOAD ./Libraries/XMCLib/src/xmc_eth_phy_ksz8031rnl.o
LOAD ./Libraries/XMCLib/src/xmc_eth_phy_ksz8081rnb.o
LOAD ./Libraries/XMCLib/src/xmc_fce.o
LOAD ./Libraries/XMCLib/src/xmc_gpio.o
LOAD ./Libraries/XMCLib/src/xmc_hrpwm.o
LOAD ./Libraries/XMCLib/src/xmc_i2c.o
LOAD ./Libraries/XMCLib/src/xmc_i2s.o
LOAD ./Libraries/XMCLib/src/xmc_ledts.o
LOAD ./Libraries/XMCLib/src/xmc_posif.o
LOAD ./Libraries/XMCLib/src/xmc_rtc.o
LOAD ./Libraries/XMCLib/src/xmc_sdmmc.o
LOAD ./Libraries/XMCLib/src/xmc_spi.o
LOAD ./Libraries/XMCLib/src/xmc_uart.o
LOAD ./Libraries/XMCLib/src/xmc_usbd.o
LOAD ./Libraries/XMCLib/src/xmc_usbh.o
LOAD ./Libraries/XMCLib/src/xmc_usic.o
LOAD ./Libraries/XMCLib/src/xmc_vadc.o
LOAD ./Libraries/XMCLib/src/xmc_wdt.o
LOAD ./Libraries/Newlib/syscalls.o
LOAD ./Dave/Generated/TIMER/timer.o
LOAD ./Dave/Generated/TIMER/timer_conf.o
LOAD ./Dave/Generated/PWM/pwm.o
LOAD ./Dave/Generated/PWM/pwm_conf.o
LOAD ./Dave/Generated/PIN_INTERRUPT/pin_interrupt.o
LOAD ./Dave/Generated/PIN_INTERRUPT/pin_interrupt_conf.o
LOAD ./Dave/Generated/GLOBAL_CCU8/global_ccu8.o
LOAD ./Dave/Generated/GLOBAL_CCU8/global_ccu8_conf.o
LOAD ./Dave/Generated/GLOBAL_CCU4/global_ccu4.o
LOAD ./Dave/Generated/GLOBAL_CCU4/global_ccu4_conf.o
LOAD ./Dave/Generated/DIGITAL_IO/digital_io.o
LOAD ./Dave/Generated/DIGITAL_IO/digital_io_conf.o
LOAD ./Dave/Generated/CPU_CTRL_XMC4/cpu_ctrl_xmc4.o
LOAD ./Dave/Generated/CPU_CTRL_XMC4/cpu_ctrl_xmc4_conf.o
LOAD ./Dave/Generated/CLOCK_XMC4/clock_xmc4.o
LOAD ./Dave/Generated/CLOCK_XMC4/clock_xmc4_conf.o
LOAD ./Dave/Generated/DAVE.o
LOAD ./main.o
LOAD d:/dave-ide-4.4.2-64bit/eclipse/arm-gcc-49/bin/../lib/gcc/arm-none-eabi/4.9.3/../../../../arm-none-eabi/lib/armv7e-m/softfp\libm.a
START GROUP
LOAD d:/dave-ide-4.4.2-64bit/eclipse/arm-gcc-49/bin/../lib/gcc/arm-none-eabi/4.9.3/armv7e-m/softfp\libgcc.a
LOAD d:/dave-ide-4.4.2-64bit/eclipse/arm-gcc-49/bin/../lib/gcc/arm-none-eabi/4.9.3/../../../../arm-none-eabi/lib/armv7e-m/softfp\libg_nano.a
LOAD d:/dave-ide-4.4.2-64bit/eclipse/arm-gcc-49/bin/../lib/gcc/arm-none-eabi/4.9.3/../../../../arm-none-eabi/lib/armv7e-m/softfp\libc_nano.a
END GROUP
START GROUP
LOAD d:/dave-ide-4.4.2-64bit/eclipse/arm-gcc-49/bin/../lib/gcc/arm-none-eabi/4.9.3/armv7e-m/softfp\libgcc.a
LOAD d:/dave-ide-4.4.2-64bit/eclipse/arm-gcc-49/bin/../lib/gcc/arm-none-eabi/4.9.3/../../../../arm-none-eabi/lib/armv7e-m/softfp\libc_nano.a
LOAD d:/dave-ide-4.4.2-64bit/eclipse/arm-gcc-49/bin/../lib/gcc/arm-none-eabi/4.9.3/../../../../arm-none-eabi/lib/armv7e-m/softfp\libnosys.a
END GROUP
START GROUP
LOAD d:/dave-ide-4.4.2-64bit/eclipse/arm-gcc-49/bin/../lib/gcc/arm-none-eabi/4.9.3/armv7e-m/softfp\libgcc.a
LOAD d:/dave-ide-4.4.2-64bit/eclipse/arm-gcc-49/bin/../lib/gcc/arm-none-eabi/4.9.3/../../../../arm-none-eabi/lib/armv7e-m/softfp\libc_nano.a
LOAD d:/dave-ide-4.4.2-64bit/eclipse/arm-gcc-49/bin/../lib/gcc/arm-none-eabi/4.9.3/../../../../arm-none-eabi/lib/armv7e-m/softfp\libnosys.a
END GROUP
                0x00000800                stack_size = DEFINED (stack_size)?stack_size:0x800
                0x00000040                no_init_size = 0x40

.text           0x08000000     0x1ea4 load address 0x0c000000
                0x08000000                sText = .
 *(.reset)
 .reset         0x08000000      0x29c ./Startup/startup_XMC4700.o
                0x08000000                __Vectors
                0x08000200                Reset_Handler
                0x08000298                DSD0_7_IRQHandler
                0x08000298                DebugMon_Handler
                0x08000298                VADC0_C0_0_IRQHandler
                0x08000298                CAN0_4_IRQHandler
                0x08000298                VADC0_G2_0_IRQHandler
                0x08000298                USIC0_5_IRQHandler
                0x08000298                POSIF0_0_IRQHandler
                0x08000298                POSIF1_0_IRQHandler
                0x08000298                HardFault_Handler
                0x08000298                VADC0_G1_1_IRQHandler
                0x08000298                SysTick_Handler
                0x08000298                PendSV_Handler
                0x08000298                NMI_Handler
                0x08000298                USIC1_3_IRQHandler
                0x08000298                CCU40_2_IRQHandler
                0x08000298                SCU_0_IRQHandler
                0x08000298                ERU0_0_IRQHandler
                0x08000298                CCU41_0_IRQHandler
                0x08000298                USIC1_5_IRQHandler
                0x08000298                DSD0_4_IRQHandler
                0x08000298                CCU80_1_IRQHandler
                0x08000298                CCU81_0_IRQHandler
                0x08000298                UsageFault_Handler
                0x08000298                USIC0_0_IRQHandler
                0x08000298                POSIF1_1_IRQHandler
                0x08000298                ERU0_2_IRQHandler
                0x08000298                CCU81_1_IRQHandler
                0x08000298                ERU1_1_IRQHandler
                0x08000298                VADC0_G2_3_IRQHandler
                0x08000298                VADC0_G2_2_IRQHandler
                0x08000298                CCU42_3_IRQHandler
                0x08000298                ERU0_3_IRQHandler
                0x08000298                DSD0_5_IRQHandler
                0x08000298                VADC0_C0_3_IRQHandler
                0x08000298                CAN0_6_IRQHandler
                0x08000298                CCU43_0_IRQHandler
                0x08000298                VADC0_G0_1_IRQHandler
                0x08000298                CCU81_2_IRQHandler
                0x08000298                USIC2_4_IRQHandler
                0x08000298                CCU81_3_IRQHandler
                0x08000298                CCU42_1_IRQHandler
                0x08000298                USIC1_1_IRQHandler
                0x08000298                USIC2_5_IRQHandler
                0x08000298                CCU40_0_IRQHandler
                0x08000298                CAN0_0_IRQHandler
                0x08000298                CCU42_2_IRQHandler
                0x08000298                Default_Handler
                0x08000298                USIC1_4_IRQHandler
                0x08000298                ERU1_3_IRQHandler
                0x08000298                USIC1_0_IRQHandler
                0x08000298                POSIF0_1_IRQHandler
                0x08000298                VADC0_G0_0_IRQHandler
                0x08000298                DSD0_2_IRQHandler
                0x08000298                CCU80_3_IRQHandler
                0x08000298                CCU41_3_IRQHandler
                0x08000298                CCU80_2_IRQHandler
                0x08000298                VADC0_G1_3_IRQHandler
                0x08000298                VADC0_G0_3_IRQHandler
                0x08000298                GPDMA0_0_IRQHandler
                0x08000298                PMU0_0_IRQHandler
                0x08000298                CAN0_7_IRQHandler
                0x08000298                DSD0_1_IRQHandler
                0x08000298                CCU41_2_IRQHandler
                0x08000298                VADC0_C0_1_IRQHandler
                0x08000298                CCU43_2_IRQHandler
                0x08000298                USIC2_2_IRQHandler
                0x08000298                MemManage_Handler
                0x08000298                VADC0_G3_1_IRQHandler
                0x08000298                DAC0_0_IRQHandler
                0x08000298                SVC_Handler
                0x08000298                VADC0_G3_3_IRQHandler
                0x08000298                ERU1_2_IRQHandler
                0x08000298                CCU41_1_IRQHandler
                0x08000298                DSD0_6_IRQHandler
                0x08000298                CCU43_1_IRQHandler
                0x08000298                VADC0_G1_2_IRQHandler
                0x08000298                USIC2_3_IRQHandler
                0x08000298                CAN0_2_IRQHandler
                0x08000298                USIC2_0_IRQHandler
                0x08000298                VADC0_G0_2_IRQHandler
                0x08000298                VADC0_G2_1_IRQHandler
                0x08000298                CAN0_3_IRQHandler
                0x08000298                ETH0_0_IRQHandler
                0x08000298                USIC0_3_IRQHandler
                0x08000298                DSD0_0_IRQHandler
                0x08000298                VADC0_C0_2_IRQHandler
                0x08000298                CCU42_0_IRQHandler
                0x08000298                FCE0_0_IRQHandler
                0x08000298                VADC0_G1_0_IRQHandler
                0x08000298                USB0_0_IRQHandler
                0x08000298                CAN0_5_IRQHandler
                0x08000298                CCU80_0_IRQHandler
                0x08000298                CCU40_1_IRQHandler
                0x08000298                USIC2_1_IRQHandler
                0x08000298                USIC0_1_IRQHandler
                0x08000298                VADC0_G3_2_IRQHandler
                0x08000298                CCU40_3_IRQHandler
                0x08000298                BusFault_Handler
                0x08000298                LEDTS0_0_IRQHandler
                0x08000298                USIC0_4_IRQHandler
                0x08000298                CCU43_3_IRQHandler
                0x08000298                ERU0_1_IRQHandler
                0x08000298                VADC0_G3_0_IRQHandler
                0x08000298                USIC1_2_IRQHandler
                0x08000298                DSD0_3_IRQHandler
                0x08000298                SDMMC0_0_IRQHandler
                0x08000298                CAN0_1_IRQHandler
                0x08000298                USIC0_2_IRQHandler
                0x08000298                DAC0_1_IRQHandler
                0x08000298                GPDMA1_0_IRQHandler
 *(.text .text.* .gnu.linkonce.t.*)
 .text.SystemInit
                0x0800029c       0x20 ./Startup/system_XMC4700.o
                0x0800029c                SystemInit
 .text.SystemCoreClockUpdate
                0x080002bc       0xd4 ./Startup/system_XMC4700.o
                0x080002bc                SystemCoreClockUpdate
 .text.XMC_ERU_Enable
                0x08000390       0x2c ./Libraries/XMCLib/src/xmc4_eru.o
                0x08000390                XMC_ERU_Enable
 .text.XMC_GPIO_Init
                0x080003bc      0x14c ./Libraries/XMCLib/src/xmc4_gpio.o
                0x080003bc                XMC_GPIO_Init
 .text.XMC_SCU_GetMirrorStatus
                0x08000508       0x18 ./Libraries/XMCLib/src/xmc4_scu.o
 .text.XMC_SCU_lDelay
                0x08000520       0x44 ./Libraries/XMCLib/src/xmc4_scu.o
 .text.XMC_SCU_CLOCK_Init
                0x08000564       0xec ./Libraries/XMCLib/src/xmc4_scu.o
                0x08000564                XMC_SCU_CLOCK_Init
 .text.XMC_SCU_RESET_DeassertPeripheralReset
                0x08000650       0x38 ./Libraries/XMCLib/src/xmc4_scu.o
                0x08000650                XMC_SCU_RESET_DeassertPeripheralReset
 .text.XMC_SCU_CLOCK_SetSystemClockSource
                0x08000688       0x28 ./Libraries/XMCLib/src/xmc4_scu.o
                0x08000688                XMC_SCU_CLOCK_SetSystemClockSource
 .text.XMC_SCU_CLOCK_SetUsbClockSource
                0x080006b0       0x28 ./Libraries/XMCLib/src/xmc4_scu.o
                0x080006b0                XMC_SCU_CLOCK_SetUsbClockSource
 .text.XMC_SCU_CLOCK_SetWdtClockSource
                0x080006d8       0x28 ./Libraries/XMCLib/src/xmc4_scu.o
                0x080006d8                XMC_SCU_CLOCK_SetWdtClockSource
 .text.XMC_SCU_CLOCK_SetSystemPllClockSource
                0x08000700       0x40 ./Libraries/XMCLib/src/xmc4_scu.o
                0x08000700                XMC_SCU_CLOCK_SetSystemPllClockSource
 .text.XMC_SCU_HIB_SetRtcClockSource
                0x08000740       0x3c ./Libraries/XMCLib/src/xmc4_scu.o
                0x08000740                XMC_SCU_HIB_SetRtcClockSource
 .text.XMC_SCU_HIB_SetStandbyClockSource
                0x0800077c       0x3c ./Libraries/XMCLib/src/xmc4_scu.o
                0x0800077c                XMC_SCU_HIB_SetStandbyClockSource
 .text.XMC_SCU_CLOCK_SetSystemClockDivider
                0x080007b8       0x28 ./Libraries/XMCLib/src/xmc4_scu.o
                0x080007b8                XMC_SCU_CLOCK_SetSystemClockDivider
 .text.XMC_SCU_CLOCK_SetCcuClockDivider
                0x080007e0       0x28 ./Libraries/XMCLib/src/xmc4_scu.o
                0x080007e0                XMC_SCU_CLOCK_SetCcuClockDivider
 .text.XMC_SCU_CLOCK_SetCpuClockDivider
                0x08000808       0x28 ./Libraries/XMCLib/src/xmc4_scu.o
                0x08000808                XMC_SCU_CLOCK_SetCpuClockDivider
 .text.XMC_SCU_CLOCK_SetPeripheralClockDivider
                0x08000830       0x28 ./Libraries/XMCLib/src/xmc4_scu.o
                0x08000830                XMC_SCU_CLOCK_SetPeripheralClockDivider
 .text.XMC_SCU_CLOCK_SetUsbClockDivider
                0x08000858       0x28 ./Libraries/XMCLib/src/xmc4_scu.o
                0x08000858                XMC_SCU_CLOCK_SetUsbClockDivider
 .text.XMC_SCU_CLOCK_SetEbuClockDivider
                0x08000880       0x28 ./Libraries/XMCLib/src/xmc4_scu.o
                0x08000880                XMC_SCU_CLOCK_SetEbuClockDivider
 .text.XMC_SCU_CLOCK_SetWdtClockDivider
                0x080008a8       0x28 ./Libraries/XMCLib/src/xmc4_scu.o
                0x080008a8                XMC_SCU_CLOCK_SetWdtClockDivider
 .text.XMC_SCU_CLOCK_EnableClock
                0x080008d0       0x20 ./Libraries/XMCLib/src/xmc4_scu.o
                0x080008d0                XMC_SCU_CLOCK_EnableClock
 .text.XMC_SCU_CLOCK_UngatePeripheralClock
                0x080008f0       0x38 ./Libraries/XMCLib/src/xmc4_scu.o
                0x080008f0                XMC_SCU_CLOCK_UngatePeripheralClock
 .text.XMC_SCU_CLOCK_StartUsbPll
                0x08000928       0x74 ./Libraries/XMCLib/src/xmc4_scu.o
                0x08000928                XMC_SCU_CLOCK_StartUsbPll
 .text.XMC_SCU_CLOCK_SetBackupClockCalibrationMode
                0x0800099c       0x4c ./Libraries/XMCLib/src/xmc4_scu.o
                0x0800099c                XMC_SCU_CLOCK_SetBackupClockCalibrationMode
 .text.XMC_SCU_HIB_EnableHibernateDomain
                0x080009e8       0x58 ./Libraries/XMCLib/src/xmc4_scu.o
                0x080009e8                XMC_SCU_HIB_EnableHibernateDomain
 .text.XMC_SCU_CLOCK_IsLowPowerOscillatorStable
                0x08000a40       0x24 ./Libraries/XMCLib/src/xmc4_scu.o
                0x08000a40                XMC_SCU_CLOCK_IsLowPowerOscillatorStable
 .text.XMC_SCU_CLOCK_EnableLowPowerOscillator
                0x08000a64       0x68 ./Libraries/XMCLib/src/xmc4_scu.o
                0x08000a64                XMC_SCU_CLOCK_EnableLowPowerOscillator
 .text.XMC_SCU_CLOCK_EnableHighPerformanceOscillator
                0x08000acc       0x50 ./Libraries/XMCLib/src/xmc4_scu.o
                0x08000acc                XMC_SCU_CLOCK_EnableHighPerformanceOscillator
 .text.XMC_SCU_CLOCK_IsHighPerformanceOscillatorStable
                0x08000b1c       0x28 ./Libraries/XMCLib/src/xmc4_scu.o
                0x08000b1c                XMC_SCU_CLOCK_IsHighPerformanceOscillatorStable
 .text.XMC_SCU_CLOCK_EnableSystemPll
                0x08000b44       0x20 ./Libraries/XMCLib/src/xmc4_scu.o
                0x08000b44                XMC_SCU_CLOCK_EnableSystemPll
 .text.XMC_SCU_CLOCK_DisableSystemPll
                0x08000b64       0x20 ./Libraries/XMCLib/src/xmc4_scu.o
                0x08000b64                XMC_SCU_CLOCK_DisableSystemPll
 .text.XMC_SCU_CLOCK_StartSystemPll
                0x08000b84      0x174 ./Libraries/XMCLib/src/xmc4_scu.o
                0x08000b84                XMC_SCU_CLOCK_StartSystemPll
 .text.XMC_SCU_CLOCK_StepSystemPllFrequency
                0x08000cf8       0x2c ./Libraries/XMCLib/src/xmc4_scu.o
                0x08000cf8                XMC_SCU_CLOCK_StepSystemPllFrequency
 .text.XMC_CCU4_StartPrescaler
                0x08000d24       0x20 ./Libraries/XMCLib/src/xmc_ccu4.o
 .text.XMC_CCU4_lDeassertReset
                0x08000d44       0x60 ./Libraries/XMCLib/src/xmc_ccu4.o
 .text.XMC_CCU4_lUngateClock
                0x08000da4       0x60 ./Libraries/XMCLib/src/xmc_ccu4.o
 .text.XMC_CCU4_EnableModule
                0x08000e04       0x20 ./Libraries/XMCLib/src/xmc_ccu4.o
                0x08000e04                XMC_CCU4_EnableModule
 .text.XMC_CCU4_Init
                0x08000e24       0x3c ./Libraries/XMCLib/src/xmc_ccu4.o
                0x08000e24                XMC_CCU4_Init
 .text.XMC_CCU4_SLICE_CompareInit
                0x08000e60       0x6c ./Libraries/XMCLib/src/xmc_ccu4.o
                0x08000e60                XMC_CCU4_SLICE_CompareInit
 .text.XMC_CCU4_SLICE_SetInterruptNode
                0x08000ecc       0xb0 ./Libraries/XMCLib/src/xmc_ccu4.o
                0x08000ecc                XMC_CCU4_SLICE_SetInterruptNode
 .text.XMC_CCU8_StartPrescaler
                0x08000f7c       0x20 ./Libraries/XMCLib/src/xmc_ccu8.o
 .text.XMC_CCU8_SLICE_StopTimer
                0x08000f9c       0x18 ./Libraries/XMCLib/src/xmc_ccu8.o
 .text.XMC_CCU8_lDeassertReset
                0x08000fb4       0x38 ./Libraries/XMCLib/src/xmc_ccu8.o
 .text.XMC_CCU8_lUngateClock
                0x08000fec       0x38 ./Libraries/XMCLib/src/xmc_ccu8.o
 .text.XMC_CCU8_EnableModule
                0x08001024       0x20 ./Libraries/XMCLib/src/xmc_ccu8.o
                0x08001024                XMC_CCU8_EnableModule
 .text.XMC_CCU8_Init
                0x08001044       0x3c ./Libraries/XMCLib/src/xmc_ccu8.o
                0x08001044                XMC_CCU8_Init
 .text.XMC_CCU8_SLICE_CompareInit
                0x08001080       0x74 ./Libraries/XMCLib/src/xmc_ccu8.o
                0x08001080                XMC_CCU8_SLICE_CompareInit
 .text.XMC_CCU8_SLICE_SetTimerPeriodMatch
                0x080010f4       0x1c ./Libraries/XMCLib/src/xmc_ccu8.o
                0x080010f4                XMC_CCU8_SLICE_SetTimerPeriodMatch
 .text.XMC_CCU8_SLICE_SetTimerCompareMatch
                0x08001110       0x30 ./Libraries/XMCLib/src/xmc_ccu8.o
                0x08001110                XMC_CCU8_SLICE_SetTimerCompareMatch
 .text.XMC_ERU_ETL_Init
                0x08001140       0x4c ./Libraries/XMCLib/src/xmc_eru.o
                0x08001140                XMC_ERU_ETL_Init
 .text.XMC_ERU_OGU_SetServiceRequestMode
                0x0800118c       0x3c ./Libraries/XMCLib/src/xmc_eru.o
                0x0800118c                XMC_ERU_OGU_SetServiceRequestMode
 .text.XMC_GPIO_SetHardwareControl
                0x080011c8       0x44 ./Libraries/XMCLib/src/xmc_gpio.o
                0x080011c8                XMC_GPIO_SetHardwareControl
 .text._init    0x0800120c        0xc ./Libraries/Newlib/syscalls.o
                0x0800120c                _init
 .text.XMC_CCU8_EnableClock
                0x08001218       0x28 ./Dave/Generated/TIMER/timer.o
 .text.XMC_CCU8_SLICE_IsTimerRunning
                0x08001240       0x28 ./Dave/Generated/TIMER/timer.o
 .text.XMC_CCU8_SLICE_StartTimer
                0x08001268       0x18 ./Dave/Generated/TIMER/timer.o
 .text.XMC_CCU8_SLICE_StopTimer
                0x08001280       0x18 ./Dave/Generated/TIMER/timer.o
 .text.XMC_CCU8_SLICE_ClearTimer
                0x08001298       0x18 ./Dave/Generated/TIMER/timer.o
 .text.XMC_CCU8_EnableShadowTransfer
                0x080012b0       0x1c ./Dave/Generated/TIMER/timer.o
 .text.XMC_CCU8_SLICE_GetTimerValue
                0x080012cc       0x1c ./Dave/Generated/TIMER/timer.o
 .text.TIMER_Init
                0x080012e8       0x3c ./Dave/Generated/TIMER/timer.o
                0x080012e8                TIMER_Init
 .text.TIMER_Start
                0x08001324       0x3c ./Dave/Generated/TIMER/timer.o
                0x08001324                TIMER_Start
 .text.TIMER_Stop
                0x08001360       0x48 ./Dave/Generated/TIMER/timer.o
                0x08001360                TIMER_Stop
 .text.TIMER_GetTimerStatus
                0x080013a8       0x30 ./Dave/Generated/TIMER/timer.o
                0x080013a8                TIMER_GetTimerStatus
 .text.TIMER_GetTime
                0x080013d8       0x88 ./Dave/Generated/TIMER/timer.o
                0x080013d8                TIMER_GetTime
 .text.TIMER_Clear
                0x08001460       0x3c ./Dave/Generated/TIMER/timer.o
                0x08001460                TIMER_Clear
 .text.TIMER_CCU8_lInit
                0x0800149c       0x70 ./Dave/Generated/TIMER/timer.o
                0x0800149c                TIMER_CCU8_lInit
 .text.TIMER_CCU8_lShadowTransfer
                0x0800150c       0x40 ./Dave/Generated/TIMER/timer.o
                0x0800150c                TIMER_CCU8_lShadowTransfer
 .text.XMC_CCU4_EnableClock
                0x0800154c       0x28 ./Dave/Generated/PWM/pwm.o
 .text.XMC_CCU4_SLICE_StartTimer
                0x08001574       0x18 ./Dave/Generated/PWM/pwm.o
 .text.XMC_CCU4_SLICE_SetTimerPeriodMatch
                0x0800158c       0x1c ./Dave/Generated/PWM/pwm.o
 .text.XMC_CCU4_SLICE_SetTimerCompareMatch
                0x080015a8       0x1c ./Dave/Generated/PWM/pwm.o
 .text.XMC_CCU4_EnableShadowTransfer
                0x080015c4       0x1c ./Dave/Generated/PWM/pwm.o
 .text.XMC_CCU4_SLICE_EnableEvent
                0x080015e0       0x2c ./Dave/Generated/PWM/pwm.o
 .text.PWM_lCCU4_Init
                0x0800160c       0xbc ./Dave/Generated/PWM/pwm.o
                0x0800160c                PWM_lCCU4_Init
 .text.PWM_lCCU4_ConfigInterrupts
                0x080016c8       0x64 ./Dave/Generated/PWM/pwm.o
                0x080016c8                PWM_lCCU4_ConfigInterrupts
 .text.PWM_lCCU4_Start
                0x0800172c       0x48 ./Dave/Generated/PWM/pwm.o
                0x0800172c                PWM_lCCU4_Start
 .text.PWM_Init
                0x08001774       0x2c ./Dave/Generated/PWM/pwm.o
                0x08001774                PWM_Init
 .text.PWM_Start
                0x080017a0       0x20 ./Dave/Generated/PWM/pwm.o
                0x080017a0                PWM_Start
 .text.__NVIC_GetPriorityGrouping
                0x080017c0       0x1c ./Dave/Generated/PIN_INTERRUPT/pin_interrupt.o
 .text.__NVIC_EnableIRQ
                0x080017dc       0x38 ./Dave/Generated/PIN_INTERRUPT/pin_interrupt.o
 .text.__NVIC_ClearPendingIRQ
                0x08001814       0x3c ./Dave/Generated/PIN_INTERRUPT/pin_interrupt.o
 .text.__NVIC_SetPriority
                0x08001850       0x54 ./Dave/Generated/PIN_INTERRUPT/pin_interrupt.o
 .text.NVIC_EncodePriority
                0x080018a4       0x64 ./Dave/Generated/PIN_INTERRUPT/pin_interrupt.o
 .text.PIN_INTERRUPT_Init
                0x08001908       0xa0 ./Dave/Generated/PIN_INTERRUPT/pin_interrupt.o
                0x08001908                PIN_INTERRUPT_Init
 .text.XMC_CCU8_StartPrescaler
                0x080019a8       0x20 ./Dave/Generated/GLOBAL_CCU8/global_ccu8.o
 .text.GLOBAL_CCU8_Init
                0x080019c8       0x40 ./Dave/Generated/GLOBAL_CCU8/global_ccu8.o
                0x080019c8                GLOBAL_CCU8_Init
 .text.XMC_CCU4_StartPrescaler
                0x08001a08       0x20 ./Dave/Generated/GLOBAL_CCU4/global_ccu4.o
 .text.GLOBAL_CCU4_Init
                0x08001a28       0x40 ./Dave/Generated/GLOBAL_CCU4/global_ccu4.o
                0x08001a28                GLOBAL_CCU4_Init
 .text.DIGITAL_IO_Init
                0x08001a68       0x40 ./Dave/Generated/DIGITAL_IO/digital_io.o
                0x08001a68                DIGITAL_IO_Init
 .text.__NVIC_SetPriorityGrouping
                0x08001aa8       0x48 ./Dave/Generated/CPU_CTRL_XMC4/cpu_ctrl_xmc4_conf.o
 .text.SystemCoreSetup
                0x08001af0       0xa0 ./Dave/Generated/CPU_CTRL_XMC4/cpu_ctrl_xmc4_conf.o
                0x08001af0                SystemCoreSetup
 .text.CLOCK_XMC4_Init
                0x08001b90       0x20 ./Dave/Generated/CLOCK_XMC4/clock_xmc4.o
                0x08001b90                CLOCK_XMC4_Init
 .text.OSCHP_GetFrequency
                0x08001bb0       0x14 ./Dave/Generated/CLOCK_XMC4/clock_xmc4.o
                0x08001bb0                OSCHP_GetFrequency
 .text.SystemCoreClockSetup
                0x08001bc4       0x54 ./Dave/Generated/CLOCK_XMC4/clock_xmc4_conf.o
                0x08001bc4                SystemCoreClockSetup
 .text.DAVE_Init
                0x08001c18       0x74 ./Dave/Generated/DAVE.o
                0x08001c18                DAVE_Init
 .text.XMC_GPIO_SetOutputHigh
                0x08001c8c       0x20 ./main.o
 .text.XMC_GPIO_SetOutputLow
                0x08001cac       0x24 ./main.o
 .text.XMC_GPIO_GetInput
                0x08001cd0       0x28 ./main.o
 .text.PIN_INTERRUPT_GetPinValue
                0x08001cf8       0x24 ./main.o
 .text.DIGITAL_IO_SetOutputHigh
                0x08001d1c       0x20 ./main.o
 .text.DIGITAL_IO_SetOutputLow
                0x08001d3c       0x20 ./main.o
 .text.ERU1_0_IRQHandler
                0x08001d5c       0x40 ./main.o
                0x08001d5c                ERU1_0_IRQHandler
 .text.main     0x08001d9c       0x5c ./main.o
                0x08001d9c                main
 .text.__libc_init_array
                0x08001df8       0x4c d:/dave-ide-4.4.2-64bit/eclipse/arm-gcc-49/bin/../lib/gcc/arm-none-eabi/4.9.3/../../../../arm-none-eabi/lib/armv7e-m/softfp\libg_nano.a(lib_a-init.o)
                0x08001df8                __libc_init_array
 *(.init)
 *(.fini)
 *crtbegin.o(.ctors)
 *crtbegin?.o(.ctors)
 *(EXCLUDE_FILE(*crtend.o *crtend?.o) .ctors)
 *(SORT(.ctors.*))
 *(.ctors)
 *crtbegin.o(.dtors)
 *crtbegin?.o(.dtors)
 *(EXCLUDE_FILE(*crtend.o *crtend?.o) .dtors)
 *(SORT(.dtors.*))
 *(.dtors)
 *(.rodata .rodata.*)
 .rodata.PWM_TRIGGER_MEASURE_compare_config
                0x08001e44        0x8 ./Dave/Generated/PWM/pwm_conf.o
                0x08001e44                PWM_TRIGGER_MEASURE_compare_config
 .rodata.PWM_TRIGGER_MEASURE_gpio_out_config
                0x08001e4c        0xc ./Dave/Generated/PWM/pwm_conf.o
                0x08001e4c                PWM_TRIGGER_MEASURE_gpio_out_config
 .rodata.PIN_INTERRUPT_ECHO_MEASURE
                0x08001e58       0x24 ./Dave/Generated/PIN_INTERRUPT/pin_interrupt_conf.o
                0x08001e58                PIN_INTERRUPT_ECHO_MEASURE
 .rodata.DIGITAL_IO_LED_OUTPUT
                0x08001e7c       0x14 ./Dave/Generated/DIGITAL_IO/digital_io_conf.o
                0x08001e7c                DIGITAL_IO_LED_OUTPUT
 .rodata        0x08001e90       0x14 ./Dave/Generated/CLOCK_XMC4/clock_xmc4_conf.o
 *(.gnu.linkonce.r*)
 *(vtable)
                0x08001ea4                . = ALIGN (0x4)

.glue_7         0x08001ea4        0x0 load address 0x0c001ea4
 .glue_7        0x00000000        0x0 linker stubs

.glue_7t        0x08001ea4        0x0 load address 0x0c001ea4
 .glue_7t       0x00000000        0x0 linker stubs

.vfp11_veneer   0x08001ea4        0x0 load address 0x0c001ea4
 .vfp11_veneer  0x00000000        0x0 linker stubs

.v4_bx          0x08001ea4        0x0 load address 0x0c001ea4
 .v4_bx         0x00000000        0x0 linker stubs

.iplt           0x08001ea4        0x0 load address 0x0c001ea4
 .iplt          0x00000000        0x0 ./Startup/startup_XMC4700.o

.rel.dyn        0x08001ea4        0x0 load address 0x0c001ea4
 .rel.iplt      0x00000000        0x0 ./Startup/startup_XMC4700.o

.eh_frame_hdr
 *(.eh_frame_hdr)

.eh_frame
 *(.eh_frame)

.ARM.extab
 *(.ARM.extab* .gnu.linkonce.armextab.*)
                0x08001ea4                . = ALIGN (0x4)
                0x08001ea4                __exidx_start = .

.ARM.exidx
 *(.ARM.exidx* .gnu.linkonce.armexidx.*)
                0x08001ea4                __exidx_end = .
                0x08001ea4                . = ALIGN (0x4)

Stack           0x1ffe8000      0x800
                0x1ffe8000                __stack_start = .
                0x1ffe8800                . = (. + stack_size)
 *fill*         0x1ffe8000      0x800 
                0x1ffe8800                __stack_end = .
                0x1ffe8800                __initial_sp = .

.ram_code       0x1ffe8800        0x0 load address 0x0c001ea4
                0x1ffe8800                . = ALIGN (0x4)
                0x1ffe8800                __ram_code_start = .
 *(.ram_code)
                0x1ffe8800                . = ALIGN (0x4)
                0x1ffe8800                __ram_code_end = .
                0x0c001ea4                __ram_code_load = LOADADDR (.ram_code)
                0x00000000                __ram_code_size = (__ram_code_end - __ram_code_start)

.data           0x1ffe8800       0x8c load address 0x0c001ea4
                0x1ffe8800                . = ALIGN (0x4)
                0x1ffe8800                __data_start = .
 *(.data)
 *(.data*)
 .data.TIMER_DISTANCE_config
                0x1ffe8800       0x10 ./Dave/Generated/TIMER/timer_conf.o
                0x1ffe8800                TIMER_DISTANCE_config
 .data.TIMER_DISTANCE
                0x1ffe8810       0x28 ./Dave/Generated/TIMER/timer_conf.o
                0x1ffe8810                TIMER_DISTANCE
 .data.PWM_TRIGGER_MEASURE
                0x1ffe8838       0x34 ./Dave/Generated/PWM/pwm_conf.o
                0x1ffe8838                PWM_TRIGGER_MEASURE
 .data.GLOBAL_CCU8_0
                0x1ffe886c       0x10 ./Dave/Generated/GLOBAL_CCU8/global_ccu8_conf.o
                0x1ffe886c                GLOBAL_CCU8_0
 .data.GLOBAL_CCU4_0
                0x1ffe887c       0x10 ./Dave/Generated/GLOBAL_CCU4/global_ccu4_conf.o
                0x1ffe887c                GLOBAL_CCU4_0
 *(*.data)
 *(.gnu.linkonce.d*)
                0x1ffe888c                . = ALIGN (0x4)
                0x1ffe888c                PROVIDE (__preinit_array_start, .)
 *(.preinit_array)
                0x1ffe888c                PROVIDE (__preinit_array_end, .)
                0x1ffe888c                . = ALIGN (0x4)
                0x1ffe888c                PROVIDE (__init_array_start, .)
 *(SORT(.init_array.*))
 *(.init_array)
                0x1ffe888c                PROVIDE (__init_array_end, .)
                0x1ffe888c                . = ALIGN (0x4)
                0x1ffe888c                PROVIDE (__fini_array_start, .)
 *(SORT(.fini_array.*))
 *(.fini_array)
                0x1ffe888c                PROVIDE (__fini_array_end, .)
                0x1ffe888c                . = ALIGN (0x4)
                0x1ffe888c                __data_end = .
                0x0c001ea4                __data_load = LOADADDR (.data)
                0x0000008c                __data_size = (__data_end - __data_start)
                0x00001f30                __text_size = (((__exidx_end - sText) + __data_size) + __ram_code_size)
                0x08001f30                eText = (sText + __text_size)

.igot.plt       0x1ffe888c        0x0 load address 0x0c001f30
 .igot.plt      0x00000000        0x0 ./Startup/startup_XMC4700.o

.bss            0x1ffe888c        0xc load address 0x0c001f30
                0x1ffe888c                . = ALIGN (0x4)
                0x1ffe888c                __bss_start = .
 *(.bss)
 *(.bss*)
 .bss.CLOCK_XMC4_0
                0x1ffe888c        0x4 ./Dave/Generated/CLOCK_XMC4/clock_xmc4_conf.o
                0x1ffe888c                CLOCK_XMC4_0
 .bss.distance  0x1ffe8890        0x4 ./main.o
                0x1ffe8890                distance
 .bss.cooldown  0x1ffe8894        0x4 ./main.o
                0x1ffe8894                cooldown
 *(COMMON)
 *(.gnu.linkonce.b*)
                0x1ffe8898                . = ALIGN (0x4)
                0x1ffe8898                __bss_end = .
                0x0000000c                __bss_size = (__bss_end - __bss_start)
                0x00017768                __shift_loc = (__bss_end >= ORIGIN (DSRAM_1_system))?0x0:(ORIGIN (DSRAM_1_system) - __bss_end)

USB_RAM         0x20000000        0x0
                0x20000000                . = ALIGN (0x4)
                0x20000000                USB_RAM_start = .
 *(USB_RAM)
                0x20000000                . = ALIGN (0x4)
                0x20000000                USB_RAM_end = .
                0x00000000                USB_RAM_size = (USB_RAM_end - USB_RAM_start)

ETH_RAM         0x20000000        0x0
                0x20000000                . = ALIGN (0x4)
                0x20000000                ETH_RAM_start = .
 *(ETH_RAM)
                0x20000000                . = ALIGN (0x4)
                0x20000000                ETH_RAM_end = .
                0x20000000                . = ALIGN (0x8)
                0x20000000                Heap_Bank1_Start = .
                0x00000000                ETH_RAM_size = (ETH_RAM_end - ETH_RAM_start)

.no_init        0x2003ffc0       0x14
                0x2003ffc0                Heap_Bank1_End = .
 *(.no_init)
 .no_init       0x2003ffc0       0x14 ./Startup/system_XMC4700.o
                0x2003ffc0                SystemCoreClock
                0x2003ffc4                g_chipid
                0x0003ffc0                Heap_Bank1_Size = (Heap_Bank1_End - Heap_Bank1_Start)
                0x00000001                ASSERT ((Heap_Bank1_Start <= Heap_Bank1_End), region SRAM_combined overflowed no_init section)

/DISCARD/
 *(.comment)

.stab
 *(.stab)

.stabstr
 *(.stabstr)

.debug
 *(.debug)

.line
 *(.line)

.debug_srcinfo
 *(.debug_srcinfo)

.debug_sfnames
 *(.debug_sfnames)

.debug_aranges  0x00000000      0xc78
 *(.debug_aranges)
 .debug_aranges
                0x00000000       0x20 ./Startup/startup_XMC4700.o
 .debug_aranges
                0x00000020       0x48 ./Startup/system_XMC4700.o
 .debug_aranges
                0x00000068       0x28 ./Libraries/XMCLib/src/xmc4_eru.o
 .debug_aranges
                0x00000090       0x28 ./Libraries/XMCLib/src/xmc4_gpio.o
 .debug_aranges
                0x000000b8      0x3e0 ./Libraries/XMCLib/src/xmc4_scu.o
 .debug_aranges
                0x00000498      0x138 ./Libraries/XMCLib/src/xmc_ccu4.o
 .debug_aranges
                0x000005d0      0x190 ./Libraries/XMCLib/src/xmc_ccu8.o
 .debug_aranges
                0x00000760       0x88 ./Libraries/XMCLib/src/xmc_eru.o
 .debug_aranges
                0x000007e8       0x28 ./Libraries/XMCLib/src/xmc_gpio.o
 .debug_aranges
                0x00000810       0x28 ./Libraries/Newlib/syscalls.o
 .debug_aranges
                0x00000838       0xc0 ./Dave/Generated/TIMER/timer.o
 .debug_aranges
                0x000008f8       0x18 ./Dave/Generated/TIMER/timer_conf.o
 .debug_aranges
                0x00000910      0x110 ./Dave/Generated/PWM/pwm.o
 .debug_aranges
                0x00000a20       0x18 ./Dave/Generated/PWM/pwm_conf.o
 .debug_aranges
                0x00000a38       0x60 ./Dave/Generated/PIN_INTERRUPT/pin_interrupt.o
 .debug_aranges
                0x00000a98       0x18 ./Dave/Generated/PIN_INTERRUPT/pin_interrupt_conf.o
 .debug_aranges
                0x00000ab0       0x30 ./Dave/Generated/GLOBAL_CCU8/global_ccu8.o
 .debug_aranges
                0x00000ae0       0x18 ./Dave/Generated/GLOBAL_CCU8/global_ccu8_conf.o
 .debug_aranges
                0x00000af8       0x30 ./Dave/Generated/GLOBAL_CCU4/global_ccu4.o
 .debug_aranges
                0x00000b28       0x18 ./Dave/Generated/GLOBAL_CCU4/global_ccu4_conf.o
 .debug_aranges
                0x00000b40       0x28 ./Dave/Generated/DIGITAL_IO/digital_io.o
 .debug_aranges
                0x00000b68       0x18 ./Dave/Generated/DIGITAL_IO/digital_io_conf.o
 .debug_aranges
                0x00000b80       0x28 ./Dave/Generated/CPU_CTRL_XMC4/cpu_ctrl_xmc4_conf.o
 .debug_aranges
                0x00000ba8       0x38 ./Dave/Generated/CLOCK_XMC4/clock_xmc4.o
 .debug_aranges
                0x00000be0       0x20 ./Dave/Generated/CLOCK_XMC4/clock_xmc4_conf.o
 .debug_aranges
                0x00000c00       0x20 ./Dave/Generated/DAVE.o
 .debug_aranges
                0x00000c20       0x58 ./main.o

.debug_pubnames
 *(.debug_pubnames)

.debug_pubtypes
 *(.debug_pubtypes)

.debug_info     0x00000000    0x11cd7
 *(.debug_info .gnu.linkonce.wi.*)
 .debug_info    0x00000000       0x62 ./Startup/startup_XMC4700.o
 .debug_info    0x00000062      0x923 ./Startup/system_XMC4700.o
 .debug_info    0x00000985      0x59b ./Libraries/XMCLib/src/xmc4_eru.o
 .debug_info    0x00000f20      0x422 ./Libraries/XMCLib/src/xmc4_gpio.o
 .debug_info    0x00001342     0x236e ./Libraries/XMCLib/src/xmc4_scu.o
 .debug_info    0x000036b0     0x16e7 ./Libraries/XMCLib/src/xmc_ccu4.o
 .debug_info    0x00004d97     0x1e06 ./Libraries/XMCLib/src/xmc_ccu8.o
 .debug_info    0x00006b9d      0xaaf ./Libraries/XMCLib/src/xmc_eru.o
 .debug_info    0x0000764c      0x39d ./Libraries/XMCLib/src/xmc_gpio.o
 .debug_info    0x000079e9      0x11f ./Libraries/Newlib/syscalls.o
 .debug_info    0x00007b08      0xe79 ./Dave/Generated/TIMER/timer.o
 .debug_info    0x00008981      0x9cd ./Dave/Generated/TIMER/timer_conf.o
 .debug_info    0x0000934e     0x13c6 ./Dave/Generated/PWM/pwm.o
 .debug_info    0x0000a714      0xba6 ./Dave/Generated/PWM/pwm_conf.o
 .debug_info    0x0000b2ba     0x1043 ./Dave/Generated/PIN_INTERRUPT/pin_interrupt.o
 .debug_info    0x0000c2fd      0xba0 ./Dave/Generated/PIN_INTERRUPT/pin_interrupt_conf.o
 .debug_info    0x0000ce9d      0x395 ./Dave/Generated/GLOBAL_CCU8/global_ccu8.o
 .debug_info    0x0000d232      0x295 ./Dave/Generated/GLOBAL_CCU8/global_ccu8_conf.o
 .debug_info    0x0000d4c7      0x386 ./Dave/Generated/GLOBAL_CCU4/global_ccu4.o
 .debug_info    0x0000d84d      0x286 ./Dave/Generated/GLOBAL_CCU4/global_ccu4_conf.o
 .debug_info    0x0000dad3      0x4dc ./Dave/Generated/DIGITAL_IO/digital_io.o
 .debug_info    0x0000dfaf      0x417 ./Dave/Generated/DIGITAL_IO/digital_io_conf.o
 .debug_info    0x0000e3c6      0x475 ./Dave/Generated/CPU_CTRL_XMC4/cpu_ctrl_xmc4_conf.o
 .debug_info    0x0000e83b      0x224 ./Dave/Generated/CLOCK_XMC4/clock_xmc4.o
 .debug_info    0x0000ea5f      0x385 ./Dave/Generated/CLOCK_XMC4/clock_xmc4_conf.o
 .debug_info    0x0000ede4     0x1a3c ./Dave/Generated/DAVE.o
 .debug_info    0x00010820     0x14b7 ./main.o

.debug_abbrev   0x00000000     0x28c0
 *(.debug_abbrev)
 .debug_abbrev  0x00000000       0x14 ./Startup/startup_XMC4700.o
 .debug_abbrev  0x00000014      0x1a1 ./Startup/system_XMC4700.o
 .debug_abbrev  0x000001b5      0x13b ./Libraries/XMCLib/src/xmc4_eru.o
 .debug_abbrev  0x000002f0      0x11b ./Libraries/XMCLib/src/xmc4_gpio.o
 .debug_abbrev  0x0000040b      0x289 ./Libraries/XMCLib/src/xmc4_scu.o
 .debug_abbrev  0x00000694      0x1fc ./Libraries/XMCLib/src/xmc_ccu4.o
 .debug_abbrev  0x00000890      0x21e ./Libraries/XMCLib/src/xmc_ccu8.o
 .debug_abbrev  0x00000aae      0x1e8 ./Libraries/XMCLib/src/xmc_eru.o
 .debug_abbrev  0x00000c96      0x10c ./Libraries/XMCLib/src/xmc_gpio.o
 .debug_abbrev  0x00000da2       0xbd ./Libraries/Newlib/syscalls.o
 .debug_abbrev  0x00000e5f      0x22b ./Dave/Generated/TIMER/timer.o
 .debug_abbrev  0x0000108a      0x15a ./Dave/Generated/TIMER/timer_conf.o
 .debug_abbrev  0x000011e4      0x26e ./Dave/Generated/PWM/pwm.o
 .debug_abbrev  0x00001452      0x183 ./Dave/Generated/PWM/pwm_conf.o
 .debug_abbrev  0x000015d5      0x27b ./Dave/Generated/PIN_INTERRUPT/pin_interrupt.o
 .debug_abbrev  0x00001850      0x189 ./Dave/Generated/PIN_INTERRUPT/pin_interrupt_conf.o
 .debug_abbrev  0x000019d9      0x16f ./Dave/Generated/GLOBAL_CCU8/global_ccu8.o
 .debug_abbrev  0x00001b48       0xfd ./Dave/Generated/GLOBAL_CCU8/global_ccu8_conf.o
 .debug_abbrev  0x00001c45      0x16f ./Dave/Generated/GLOBAL_CCU4/global_ccu4.o
 .debug_abbrev  0x00001db4       0xfd ./Dave/Generated/GLOBAL_CCU4/global_ccu4_conf.o
 .debug_abbrev  0x00001eb1      0x148 ./Dave/Generated/DIGITAL_IO/digital_io.o
 .debug_abbrev  0x00001ff9       0xfd ./Dave/Generated/DIGITAL_IO/digital_io_conf.o
 .debug_abbrev  0x000020f6      0x184 ./Dave/Generated/CPU_CTRL_XMC4/cpu_ctrl_xmc4_conf.o
 .debug_abbrev  0x0000227a      0x10f ./Dave/Generated/CLOCK_XMC4/clock_xmc4.o
 .debug_abbrev  0x00002389      0x104 ./Dave/Generated/CLOCK_XMC4/clock_xmc4_conf.o
 .debug_abbrev  0x0000248d      0x1d2 ./Dave/Generated/DAVE.o
 .debug_abbrev  0x0000265f      0x261 ./main.o

.debug_line     0x00000000     0x52dd
 *(.debug_line)
 .debug_line    0x00000000       0x87 ./Startup/startup_XMC4700.o
 .debug_line    0x00000087      0x285 ./Startup/system_XMC4700.o
 .debug_line    0x0000030c      0x1f3 ./Libraries/XMCLib/src/xmc4_eru.o
 .debug_line    0x000004ff      0x1ae ./Libraries/XMCLib/src/xmc4_gpio.o
 .debug_line    0x000006ad      0xd63 ./Libraries/XMCLib/src/xmc4_scu.o
 .debug_line    0x00001410      0x593 ./Libraries/XMCLib/src/xmc_ccu4.o
 .debug_line    0x000019a3      0x679 ./Libraries/XMCLib/src/xmc_ccu8.o
 .debug_line    0x0000201c      0x270 ./Libraries/XMCLib/src/xmc_eru.o
 .debug_line    0x0000228c      0x19b ./Libraries/XMCLib/src/xmc_gpio.o
 .debug_line    0x00002427       0xba ./Libraries/Newlib/syscalls.o
 .debug_line    0x000024e1      0x454 ./Dave/Generated/TIMER/timer.o
 .debug_line    0x00002935      0x242 ./Dave/Generated/TIMER/timer_conf.o
 .debug_line    0x00002b77      0x5a2 ./Dave/Generated/PWM/pwm.o
 .debug_line    0x00003119      0x259 ./Dave/Generated/PWM/pwm_conf.o
 .debug_line    0x00003372      0x322 ./Dave/Generated/PIN_INTERRUPT/pin_interrupt.o
 .debug_line    0x00003694      0x20d ./Dave/Generated/PIN_INTERRUPT/pin_interrupt_conf.o
 .debug_line    0x000038a1      0x26d ./Dave/Generated/GLOBAL_CCU8/global_ccu8.o
 .debug_line    0x00003b0e      0x1f9 ./Dave/Generated/GLOBAL_CCU8/global_ccu8_conf.o
 .debug_line    0x00003d07      0x26d ./Dave/Generated/GLOBAL_CCU4/global_ccu4.o
 .debug_line    0x00003f74      0x1f9 ./Dave/Generated/GLOBAL_CCU4/global_ccu4_conf.o
 .debug_line    0x0000416d      0x1eb ./Dave/Generated/DIGITAL_IO/digital_io.o
 .debug_line    0x00004358      0x18f ./Dave/Generated/DIGITAL_IO/digital_io_conf.o
 .debug_line    0x000044e7      0x214 ./Dave/Generated/CPU_CTRL_XMC4/cpu_ctrl_xmc4_conf.o
 .debug_line    0x000046fb      0x221 ./Dave/Generated/CLOCK_XMC4/clock_xmc4.o
 .debug_line    0x0000491c      0x1f7 ./Dave/Generated/CLOCK_XMC4/clock_xmc4_conf.o
 .debug_line    0x00004b13      0x3c4 ./Dave/Generated/DAVE.o
 .debug_line    0x00004ed7      0x406 ./main.o

.debug_frame    0x00000000     0x3218
 *(.debug_frame)
 .debug_frame   0x00000000       0xec ./Startup/system_XMC4700.o
 .debug_frame   0x000000ec       0x60 ./Libraries/XMCLib/src/xmc4_eru.o
 .debug_frame   0x0000014c       0x60 ./Libraries/XMCLib/src/xmc4_gpio.o
 .debug_frame   0x000001ac     0x1238 ./Libraries/XMCLib/src/xmc4_scu.o
 .debug_frame   0x000013e4      0x5b0 ./Libraries/XMCLib/src/xmc_ccu4.o
 .debug_frame   0x00001994      0x768 ./Libraries/XMCLib/src/xmc_ccu8.o
 .debug_frame   0x000020fc      0x240 ./Libraries/XMCLib/src/xmc_eru.o
 .debug_frame   0x0000233c       0x60 ./Libraries/XMCLib/src/xmc_gpio.o
 .debug_frame   0x0000239c       0x5c ./Libraries/Newlib/syscalls.o
 .debug_frame   0x000023f8      0x368 ./Dave/Generated/TIMER/timer.o
 .debug_frame   0x00002760      0x4e8 ./Dave/Generated/PWM/pwm.o
 .debug_frame   0x00002c48      0x178 ./Dave/Generated/PIN_INTERRUPT/pin_interrupt.o
 .debug_frame   0x00002dc0       0x88 ./Dave/Generated/GLOBAL_CCU8/global_ccu8.o
 .debug_frame   0x00002e48       0x88 ./Dave/Generated/GLOBAL_CCU4/global_ccu4.o
 .debug_frame   0x00002ed0       0x60 ./Dave/Generated/DIGITAL_IO/digital_io.o
 .debug_frame   0x00002f30       0x60 ./Dave/Generated/CPU_CTRL_XMC4/cpu_ctrl_xmc4_conf.o
 .debug_frame   0x00002f90       0xac ./Dave/Generated/CLOCK_XMC4/clock_xmc4.o
 .debug_frame   0x0000303c       0x3c ./Dave/Generated/CLOCK_XMC4/clock_xmc4_conf.o
 .debug_frame   0x00003078       0x38 ./Dave/Generated/DAVE.o
 .debug_frame   0x000030b0      0x13c ./main.o
 .debug_frame   0x000031ec       0x2c d:/dave-ide-4.4.2-64bit/eclipse/arm-gcc-49/bin/../lib/gcc/arm-none-eabi/4.9.3/../../../../arm-none-eabi/lib/armv7e-m/softfp\libg_nano.a(lib_a-init.o)

.debug_str      0x00000000     0x8837
 *(.debug_str)
 .debug_str     0x00000000      0x529 ./Startup/system_XMC4700.o
                                0x595 (size before relaxing)
 .debug_str     0x00000529      0x726 ./Libraries/XMCLib/src/xmc4_eru.o
                                0x90f (size before relaxing)
 .debug_str     0x00000c4f      0x544 ./Libraries/XMCLib/src/xmc4_gpio.o
                                0x749 (size before relaxing)
 .debug_str     0x00001193     0x1d20 ./Libraries/XMCLib/src/xmc4_scu.o
                               0x2841 (size before relaxing)
 .debug_str     0x00002eb3     0x150d ./Libraries/XMCLib/src/xmc_ccu4.o
                               0x1e36 (size before relaxing)
 .debug_str     0x000043c0     0x1a2c ./Libraries/XMCLib/src/xmc_ccu8.o
                               0x257a (size before relaxing)
 .debug_str     0x00005dec      0x9c5 ./Libraries/XMCLib/src/xmc_eru.o
                                0xc4d (size before relaxing)
 .debug_str     0x000067b1       0xca ./Libraries/XMCLib/src/xmc_gpio.o
                                0x5f7 (size before relaxing)
 .debug_str     0x0000687b       0x6f ./Libraries/Newlib/syscalls.o
                                0x1fd (size before relaxing)
 .debug_str     0x000068ea      0x4fc ./Dave/Generated/TIMER/timer.o
                                0xcfd (size before relaxing)
 .debug_str     0x00006de6      0x2a8 ./Dave/Generated/TIMER/timer_conf.o
                                0xc80 (size before relaxing)
 .debug_str     0x0000708e      0x5cc ./Dave/Generated/PWM/pwm.o
                               0x13be (size before relaxing)
 .debug_str     0x0000765a      0x2da ./Dave/Generated/PWM/pwm_conf.o
                               0x10f0 (size before relaxing)
 .debug_str     0x00007934      0x8e7 ./Dave/Generated/PIN_INTERRUPT/pin_interrupt.o
                               0x1343 (size before relaxing)
 .debug_str     0x0000821b       0x50 ./Dave/Generated/PIN_INTERRUPT/pin_interrupt_conf.o
                               0x12d5 (size before relaxing)
 .debug_str     0x0000826b       0xb5 ./Dave/Generated/GLOBAL_CCU8/global_ccu8.o
                                0x54d (size before relaxing)
 .debug_str     0x00008320       0x31 ./Dave/Generated/GLOBAL_CCU8/global_ccu8_conf.o
                                0x461 (size before relaxing)
 .debug_str     0x00008351       0xb5 ./Dave/Generated/GLOBAL_CCU4/global_ccu4.o
                                0x547 (size before relaxing)
 .debug_str     0x00008406       0x31 ./Dave/Generated/GLOBAL_CCU4/global_ccu4_conf.o
                                0x45b (size before relaxing)
 .debug_str     0x00008437       0xd3 ./Dave/Generated/DIGITAL_IO/digital_io.o
                                0x886 (size before relaxing)
 .debug_str     0x0000850a       0x45 ./Dave/Generated/DIGITAL_IO/digital_io_conf.o
                                0x7dd (size before relaxing)
 .debug_str     0x0000854f       0x88 ./Dave/Generated/CPU_CTRL_XMC4/cpu_ctrl_xmc4_conf.o
                                0x389 (size before relaxing)
 .debug_str     0x000085d7       0xf3 ./Dave/Generated/CLOCK_XMC4/clock_xmc4.o
                                0x33a (size before relaxing)
 .debug_str     0x000086ca       0x50 ./Dave/Generated/CLOCK_XMC4/clock_xmc4_conf.o
                                0x71a (size before relaxing)
 .debug_str     0x0000871a       0x65 ./Dave/Generated/DAVE.o
                               0x1a03 (size before relaxing)
 .debug_str     0x0000877f       0xb8 ./main.o
                               0x1683 (size before relaxing)

.debug_loc      0x00000000     0x685c
 *(.debug_loc)
 .debug_loc     0x00000000      0x1a4 ./Startup/system_XMC4700.o
 .debug_loc     0x000001a4       0xa0 ./Libraries/XMCLib/src/xmc4_eru.o
 .debug_loc     0x00000244       0xb8 ./Libraries/XMCLib/src/xmc4_gpio.o
 .debug_loc     0x000002fc     0x2618 ./Libraries/XMCLib/src/xmc4_scu.o
 .debug_loc     0x00002914      0xc90 ./Libraries/XMCLib/src/xmc_ccu4.o
 .debug_loc     0x000035a4     0x106c ./Libraries/XMCLib/src/xmc_ccu8.o
 .debug_loc     0x00004610      0x4f0 ./Libraries/XMCLib/src/xmc_eru.o
 .debug_loc     0x00004b00       0xb8 ./Libraries/XMCLib/src/xmc_gpio.o
 .debug_loc     0x00004bb8       0x94 ./Libraries/Newlib/syscalls.o
 .debug_loc     0x00004c4c      0x708 ./Dave/Generated/TIMER/timer.o
 .debug_loc     0x00005354      0xa4c ./Dave/Generated/PWM/pwm.o
 .debug_loc     0x00005da0      0x300 ./Dave/Generated/PIN_INTERRUPT/pin_interrupt.o
 .debug_loc     0x000060a0      0x108 ./Dave/Generated/GLOBAL_CCU8/global_ccu8.o
 .debug_loc     0x000061a8      0x108 ./Dave/Generated/GLOBAL_CCU4/global_ccu4.o
 .debug_loc     0x000062b0       0xac ./Dave/Generated/DIGITAL_IO/digital_io.o
 .debug_loc     0x0000635c       0xac ./Dave/Generated/CPU_CTRL_XMC4/cpu_ctrl_xmc4_conf.o
 .debug_loc     0x00006408      0x14c ./Dave/Generated/CLOCK_XMC4/clock_xmc4.o
 .debug_loc     0x00006554       0x50 ./Dave/Generated/CLOCK_XMC4/clock_xmc4_conf.o
 .debug_loc     0x000065a4       0x50 ./Dave/Generated/DAVE.o
 .debug_loc     0x000065f4      0x268 ./main.o

.debug_macinfo
 *(.debug_macinfo)

.debug_ranges   0x00000000      0xa88
 *(.debug_ranges)
 .debug_ranges  0x00000000       0x38 ./Startup/system_XMC4700.o
 .debug_ranges  0x00000038       0x18 ./Libraries/XMCLib/src/xmc4_eru.o
 .debug_ranges  0x00000050       0x18 ./Libraries/XMCLib/src/xmc4_gpio.o
 .debug_ranges  0x00000068      0x3d0 ./Libraries/XMCLib/src/xmc4_scu.o
 .debug_ranges  0x00000438      0x128 ./Libraries/XMCLib/src/xmc_ccu4.o
 .debug_ranges  0x00000560      0x180 ./Libraries/XMCLib/src/xmc_ccu8.o
 .debug_ranges  0x000006e0       0x78 ./Libraries/XMCLib/src/xmc_eru.o
 .debug_ranges  0x00000758       0x18 ./Libraries/XMCLib/src/xmc_gpio.o
 .debug_ranges  0x00000770       0x18 ./Libraries/Newlib/syscalls.o
 .debug_ranges  0x00000788       0xb0 ./Dave/Generated/TIMER/timer.o
 .debug_ranges  0x00000838      0x100 ./Dave/Generated/PWM/pwm.o
 .debug_ranges  0x00000938       0x50 ./Dave/Generated/PIN_INTERRUPT/pin_interrupt.o
 .debug_ranges  0x00000988       0x20 ./Dave/Generated/GLOBAL_CCU8/global_ccu8.o
 .debug_ranges  0x000009a8       0x20 ./Dave/Generated/GLOBAL_CCU4/global_ccu4.o
 .debug_ranges  0x000009c8       0x18 ./Dave/Generated/DIGITAL_IO/digital_io.o
 .debug_ranges  0x000009e0       0x18 ./Dave/Generated/CPU_CTRL_XMC4/cpu_ctrl_xmc4_conf.o
 .debug_ranges  0x000009f8       0x28 ./Dave/Generated/CLOCK_XMC4/clock_xmc4.o
 .debug_ranges  0x00000a20       0x10 ./Dave/Generated/CLOCK_XMC4/clock_xmc4_conf.o
 .debug_ranges  0x00000a30       0x10 ./Dave/Generated/DAVE.o
 .debug_ranges  0x00000a40       0x48 ./main.o

.debug_weaknames
 *(.debug_weaknames)

.debug_funcnames
 *(.debug_funcnames)

.debug_typenames
 *(.debug_typenames)

.debug_varnames
 *(.debug_varnames)

.build_attributes
                0x00000000      0x5ed
 *(.ARM.attributes)
 .ARM.attributes
                0x00000000       0x25 ./Startup/startup_XMC4700.o
 .ARM.attributes
                0x00000025       0x37 ./Startup/system_XMC4700.o
 .ARM.attributes
                0x0000005c       0x37 ./Libraries/XMCLib/src/xmc4_eru.o
 .ARM.attributes
                0x00000093       0x37 ./Libraries/XMCLib/src/xmc4_gpio.o
 .ARM.attributes
                0x000000ca       0x37 ./Libraries/XMCLib/src/xmc4_scu.o
 .ARM.attributes
                0x00000101       0x37 ./Libraries/XMCLib/src/xmc_ccu4.o
 .ARM.attributes
                0x00000138       0x37 ./Libraries/XMCLib/src/xmc_ccu8.o
 .ARM.attributes
                0x0000016f       0x37 ./Libraries/XMCLib/src/xmc_eru.o
 .ARM.attributes
                0x000001a6       0x37 ./Libraries/XMCLib/src/xmc_gpio.o
 .ARM.attributes
                0x000001dd       0x37 ./Libraries/Newlib/syscalls.o
 .ARM.attributes
                0x00000214       0x37 ./Dave/Generated/TIMER/timer.o
 .ARM.attributes
                0x0000024b       0x37 ./Dave/Generated/TIMER/timer_conf.o
 .ARM.attributes
                0x00000282       0x37 ./Dave/Generated/PWM/pwm.o
 .ARM.attributes
                0x000002b9       0x37 ./Dave/Generated/PWM/pwm_conf.o
 .ARM.attributes
                0x000002f0       0x37 ./Dave/Generated/PIN_INTERRUPT/pin_interrupt.o
 .ARM.attributes
                0x00000327       0x37 ./Dave/Generated/PIN_INTERRUPT/pin_interrupt_conf.o
 .ARM.attributes
                0x0000035e       0x37 ./Dave/Generated/GLOBAL_CCU8/global_ccu8.o
 .ARM.attributes
                0x00000395       0x37 ./Dave/Generated/GLOBAL_CCU8/global_ccu8_conf.o
 .ARM.attributes
                0x000003cc       0x37 ./Dave/Generated/GLOBAL_CCU4/global_ccu4.o
 .ARM.attributes
                0x00000403       0x37 ./Dave/Generated/GLOBAL_CCU4/global_ccu4_conf.o
 .ARM.attributes
                0x0000043a       0x37 ./Dave/Generated/DIGITAL_IO/digital_io.o
 .ARM.attributes
                0x00000471       0x37 ./Dave/Generated/DIGITAL_IO/digital_io_conf.o
 .ARM.attributes
                0x000004a8       0x37 ./Dave/Generated/CPU_CTRL_XMC4/cpu_ctrl_xmc4_conf.o
 .ARM.attributes
                0x000004df       0x37 ./Dave/Generated/CLOCK_XMC4/clock_xmc4.o
 .ARM.attributes
                0x00000516       0x37 ./Dave/Generated/CLOCK_XMC4/clock_xmc4_conf.o
 .ARM.attributes
                0x0000054d       0x37 ./Dave/Generated/DAVE.o
 .ARM.attributes
                0x00000584       0x37 ./main.o
 .ARM.attributes
                0x000005bb       0x32 d:/dave-ide-4.4.2-64bit/eclipse/arm-gcc-49/bin/../lib/gcc/arm-none-eabi/4.9.3/../../../../arm-none-eabi/lib/armv7e-m/softfp\libg_nano.a(lib_a-init.o)
OUTPUT(ProectSI.elf elf32-littlearm)
